<!DOCTYPE html>
<html>
<head>
<meta charset="utf-8">
<meta http-equiv="X-UA-Compatible" content="IE=edge">
<meta name="viewport" content="width=device-width, initial-scale=1">
<title>References: github.com/evanw/esbuild/internal/js_lexer.Lexer.Expected</title>
<link href="../../../../../css/light-v0.3.2-preview.css" rel="stylesheet">
<script src="../../../../../jvs/golds-v0.3.2-preview.js"></script>
<body onload="onPageLoad()"><div>

<pre><code><span style="font-size:x-large;"><b><a href="../../../../../pkg/github.com/evanw/esbuild/internal/js_lexer.html">github.com/evanw/esbuild/internal/js_lexer</a>.<a href="../../../../../src/github.com/evanw/esbuild/internal/js_lexer/js_lexer.go.html#line-218">Lexer</a>.<a href="../../../../../src/github.com/evanw/esbuild/internal/js_lexer/js_lexer.go.html#line-394">Expected</a></b></span><span style="font-size: large;"><i> (method)</i></span>

<span class="title">21 uses</span>

	github.com/evanw/esbuild/internal/js_lexer (current package)
		<a href="../../../../../src/github.com/evanw/esbuild/internal/js_lexer/js_lexer.go.html#line-394">js_lexer.go#L394</a>: func (lexer *Lexer) <b>Expected</b>(token T) {
		<a href="../../../../../src/github.com/evanw/esbuild/internal/js_lexer/js_lexer.go.html#line-413" class="path-duplicate">js_lexer.go</a><a href="../../../../../src/github.com/evanw/esbuild/internal/js_lexer/js_lexer.go.html#line-413">#L413</a>: 		lexer.<b>Expected</b>(token)
		<a href="../../../../../src/github.com/evanw/esbuild/internal/js_lexer/js_lexer.go.html#line-450" class="path-duplicate">js_lexer.go</a><a href="../../../../../src/github.com/evanw/esbuild/internal/js_lexer/js_lexer.go.html#line-450">#L450</a>: 		lexer.<b>Expected</b>(TLessThan)
		<a href="../../../../../src/github.com/evanw/esbuild/internal/js_lexer/js_lexer.go.html#line-487" class="path-duplicate">js_lexer.go</a><a href="../../../../../src/github.com/evanw/esbuild/internal/js_lexer/js_lexer.go.html#line-487">#L487</a>: 		lexer.<b>Expected</b>(TGreaterThan)
		<a href="../../../../../src/github.com/evanw/esbuild/internal/js_lexer/js_lexer.go.html#line-688" class="path-duplicate">js_lexer.go</a><a href="../../../../../src/github.com/evanw/esbuild/internal/js_lexer/js_lexer.go.html#line-688">#L688</a>: 		lexer.<b>Expected</b>(token)
		<a href="../../../../../src/github.com/evanw/esbuild/internal/js_lexer/js_lexer.go.html#line-770" class="path-duplicate">js_lexer.go</a><a href="../../../../../src/github.com/evanw/esbuild/internal/js_lexer/js_lexer.go.html#line-770">#L770</a>: 		lexer.<b>Expected</b>(token)
		<a href="../../../../../src/github.com/evanw/esbuild/internal/js_lexer/js_lexer.go.html#line-2339" class="path-duplicate">js_lexer.go</a><a href="../../../../../src/github.com/evanw/esbuild/internal/js_lexer/js_lexer.go.html#line-2339">#L2339</a>: 		lexer.<b>Expected</b>(TCloseBrace)

	<a href="../../../../../pkg/github.com/evanw/esbuild/internal/js_parser.html">github.com/evanw/esbuild/internal/js_parser</a>
		<a href="../../../../../src/github.com/evanw/esbuild/internal/js_parser/js_parser.go.html#line-1739">js_parser.go#L1739</a>: 			p.lexer.<b>Expected</b>(js_lexer.TIdentifier)
		<a href="../../../../../src/github.com/evanw/esbuild/internal/js_parser/js_parser.go.html#line-2455" class="path-duplicate">js_parser.go</a><a href="../../../../../src/github.com/evanw/esbuild/internal/js_parser/js_parser.go.html#line-2455">#L2455</a>: 	p.lexer.<b>Expected</b>(js_lexer.TEqualsGreaterThan)
		<a href="../../../../../src/github.com/evanw/esbuild/internal/js_parser/js_parser.go.html#line-3350" class="path-duplicate">js_parser.go</a><a href="../../../../../src/github.com/evanw/esbuild/internal/js_parser/js_parser.go.html#line-3350">#L3350</a>: 					p.lexer.<b>Expected</b>(js_lexer.TIdentifier)
		<a href="../../../../../src/github.com/evanw/esbuild/internal/js_parser/js_parser.go.html#line-3417" class="path-duplicate">js_parser.go</a><a href="../../../../../src/github.com/evanw/esbuild/internal/js_parser/js_parser.go.html#line-3417">#L3417</a>: 					p.lexer.<b>Expected</b>(js_lexer.TIdentifier)
		<a href="../../../../../src/github.com/evanw/esbuild/internal/js_parser/js_parser.go.html#line-3421" class="path-duplicate">js_parser.go</a><a href="../../../../../src/github.com/evanw/esbuild/internal/js_parser/js_parser.go.html#line-3421">#L3421</a>: 					p.lexer.<b>Expected</b>(js_lexer.TOpenParen)
		<a href="../../../../../src/github.com/evanw/esbuild/internal/js_parser/js_parser.go.html#line-4150" class="path-duplicate">js_parser.go</a><a href="../../../../../src/github.com/evanw/esbuild/internal/js_parser/js_parser.go.html#line-4150">#L4150</a>: 			p.lexer.<b>Expected</b>(js_lexer.TGreaterThan)
		<a href="../../../../../src/github.com/evanw/esbuild/internal/js_parser/js_parser.go.html#line-4207" class="path-duplicate">js_parser.go</a><a href="../../../../../src/github.com/evanw/esbuild/internal/js_parser/js_parser.go.html#line-4207">#L4207</a>: 				p.lexer.<b>Expected</b>(js_lexer.TGreaterThan)
		<a href="../../../../../src/github.com/evanw/esbuild/internal/js_parser/js_parser.go.html#line-4748" class="path-duplicate">js_parser.go</a><a href="../../../../../src/github.com/evanw/esbuild/internal/js_parser/js_parser.go.html#line-4748">#L4748</a>: 		p.lexer.<b>Expected</b>(js_lexer.TClass)
		<a href="../../../../../src/github.com/evanw/esbuild/internal/js_parser/js_parser.go.html#line-5061" class="path-duplicate">js_parser.go</a><a href="../../../../../src/github.com/evanw/esbuild/internal/js_parser/js_parser.go.html#line-5061">#L5061</a>: 			p.lexer.<b>Expected</b>(js_lexer.TClass)
		<a href="../../../../../src/github.com/evanw/esbuild/internal/js_parser/js_parser.go.html#line-5166" class="path-duplicate">js_parser.go</a><a href="../../../../../src/github.com/evanw/esbuild/internal/js_parser/js_parser.go.html#line-5166">#L5166</a>: 				p.lexer.<b>Expected</b>(js_lexer.TClass)
		<a href="../../../../../src/github.com/evanw/esbuild/internal/js_parser/js_parser.go.html#line-5382" class="path-duplicate">js_parser.go</a><a href="../../../../../src/github.com/evanw/esbuild/internal/js_parser/js_parser.go.html#line-5382">#L5382</a>: 				p.lexer.<b>Expected</b>(js_lexer.TClass)
		<a href="../../../../../src/github.com/evanw/esbuild/internal/js_parser/js_parser.go.html#line-5743" class="path-duplicate">js_parser.go</a><a href="../../../../../src/github.com/evanw/esbuild/internal/js_parser/js_parser.go.html#line-5743">#L5743</a>: 			p.lexer.<b>Expected</b>(js_lexer.TIdentifier)
		<a href="../../../../../src/github.com/evanw/esbuild/internal/js_parser/js_parser.go.html#line-6053" class="path-duplicate">js_parser.go</a><a href="../../../../../src/github.com/evanw/esbuild/internal/js_parser/js_parser.go.html#line-6053">#L6053</a>: 							p.lexer.<b>Expected</b>(js_lexer.TClass)
		<a href="../../../../../src/github.com/evanw/esbuild/internal/js_parser/ts_parser.go.html#line-246">ts_parser.go#L246</a>: 					p.lexer.<b>Expected</b>(js_lexer.TIdentifier)
</code></pre><pre id="footer">
<table><tr><td><img src="../../../../../png/go101-twitter.png"></td>
<td>The pages are generated with <a href="https://go101.org/article/tool-golds.html"><b>Golds</b></a> <i>v0.3.2-preview</i>. (GOOS=darwin GOARCH=amd64)
<b>Golds</b> is a <a href="https://go101.org">Go 101</a> project developed by <a href="https://tapirgames.com">Tapir Liu</a>.
PR and bug reports are welcome and can be submitted to <a href="https://github.com/go101/golds">the issue list</a>.
Please follow <a href="https://twitter.com/go100and1">@Go100and1</a> (reachable from the left QR code) to get the latest news of <b>Golds</b>.</td></tr></table></pre>